isq 模拟运行 simon结果:
{"001": 241, "101": 241, "100": 258, "000": 260}
求解方程:
输入非平凡解：[1, 5]，应编码为3位
Non-trivial solution: [0 1 0]
